// Jest Snapshot v1, https://goo.gl/fbAQLP

exports[`Pruebas en <GifItem /> Debe hacer match con el snapshot 1`] = `
<div>
  <div
    class="card"
  >
    <img
      alt="Google"
      src="https://www.google.com/"
    />
    <p>
      Google
    </p>
  </div>
</div>
`;
